\BOOKMARK [0][-]{chapter*.2}{\376\377\000\315\000n\000d\000i\000c\000e\000\040\000d\000e\000\040\000f\000i\000g\000u\000r\000a\000s}{}% 1
\BOOKMARK [0][-]{chapter.1}{\376\377\000I\000n\000t\000r\000o\000d\000u\000\347\000\343\000o}{}% 2
\BOOKMARK [1][-]{section.1.1}{\376\377\000O\000\040\000q\000u\000e\000\040\000\351\000\040\000u\000m\000a\000\040\000P\000C\000B\000?}{chapter.1}% 3
\BOOKMARK [0][-]{chapter.2}{\376\377\000P\000r\000i\000n\000c\000\355\000p\000i\000o\000s\000\040\000e\000\040\000e\000l\000e\000m\000e\000n\000t\000o\000s\000\040\000b\000\341\000s\000i\000c\000o\000s\000\040\000d\000a\000s\000\040\000P\000C\000B\000s}{}% 4
\BOOKMARK [1][-]{section.2.1}{\376\377\000F\000u\000n\000\347\000\365\000e\000s\000\040\000p\000r\000i\000n\000c\000i\000p\000a\000i\000s\000\040\000d\000e\000\040\000u\000m\000a\000\040\000P\000C\000B}{chapter.2}% 5
\BOOKMARK [1][-]{section.2.2}{\376\377\000P\000r\000i\000n\000c\000i\000p\000a\000i\000s\000\040\000e\000l\000e\000m\000e\000n\000t\000o\000s\000\040\000d\000a\000\040\000P\000C\000B}{chapter.2}% 6
\BOOKMARK [2][-]{subsection.2.2.1}{\376\377\000S\000u\000b\000s\000t\000r\000a\000t\000o}{section.2.2}% 7
\BOOKMARK [2][-]{subsection.2.2.2}{\376\377\000C\000o\000b\000r\000e}{section.2.2}% 8
\BOOKMARK [2][-]{subsection.2.2.3}{\376\377\000M\000\341\000s\000c\000a\000r\000a\000\040\000d\000e\000\040\000s\000o\000l\000d\000a}{section.2.2}% 9
\BOOKMARK [2][-]{subsection.2.2.4}{\376\377\000C\000a\000m\000a\000d\000a\000\040\000d\000e\000\040\000s\000e\000r\000i\000g\000r\000a\000f\000i\000a}{section.2.2}% 10
\BOOKMARK [2][-]{subsection.2.2.5}{\376\377\000A\000c\000a\000b\000a\000m\000e\000n\000t\000o\000\040\000d\000e\000\040\000s\000u\000p\000e\000r\000f\000\355\000c\000i\000e}{section.2.2}% 11
\BOOKMARK [1][-]{section.2.3}{\376\377\000N\000o\000r\000m\000a\000s\000\040\000I\000P\000C}{chapter.2}% 12
\BOOKMARK [2][-]{subsection.2.3.1}{\376\377\000O\000\040\000q\000u\000e\000\040\000\351\000\040\000a\000\040\000I\000P\000C}{section.2.3}% 13
\BOOKMARK [2][-]{subsection.2.3.2}{\376\377\000A\000s\000\040\000c\000l\000a\000s\000s\000e\000s\000\040\000d\000e\000\040\000q\000u\000a\000l\000i\000d\000a\000d\000e}{section.2.3}% 14
\BOOKMARK [2][-]{subsection.2.3.3}{\376\377\000C\000o\000m\000o\000\040\000e\000s\000c\000o\000l\000h\000e\000r\000\040\000a\000\040\000c\000l\000a\000s\000s\000e}{section.2.3}% 15
\BOOKMARK [2][-]{subsection.2.3.4}{\376\377\000O\000n\000d\000e\000\040\000a\000\040\000I\000P\000C\000\040\000a\000p\000a\000r\000e\000c\000e\000\040\000n\000a\000\040\000p\000r\000\341\000t\000i\000c\000a}{section.2.3}% 16
\BOOKMARK [1][-]{section.2.4}{\376\377\000C\000a\000t\000e\000g\000o\000r\000i\000a\000s\000\040\000d\000e\000\040\000P\000C\000B\000s}{chapter.2}% 17
\BOOKMARK [0][-]{chapter.3}{\376\377\000B\000o\000a\000s\000\040\000P\000r\000\341\000t\000i\000c\000a\000s\000\040\000d\000e\000\040\000D\000e\000s\000i\000g\000n}{}% 18
\BOOKMARK [1][-]{section.3.1}{\376\377\000P\000l\000a\000n\000e\000j\000a\000m\000e\000n\000t\000o\000\040\000I\000n\000i\000c\000i\000a\000l}{chapter.3}% 19
\BOOKMARK [1][-]{section.3.2}{\376\377\000P\000l\000a\000n\000e\000j\000a\000m\000e\000n\000t\000o\000\040\000d\000o\000\040\000D\000e\000s\000i\000g\000n}{chapter.3}% 20
\BOOKMARK [1][-]{section.3.3}{\376\377\000S\000e\000p\000a\000r\000a\000\347\000\343\000o\000\040\000d\000e\000\040\000\301\000r\000e\000a\000s\000\040\000F\000u\000n\000c\000i\000o\000n\000a\000i\000s}{chapter.3}% 21
\BOOKMARK [1][-]{section.3.4}{\376\377\000L\000a\000r\000g\000u\000r\000a\000\040\000d\000e\000\040\000T\000r\000i\000l\000h\000a\000s\000\040\000e\000\040\000D\000i\000s\000t\000\342\000n\000c\000i\000a\000\040\000M\000\355\000n\000i\000m\000a}{chapter.3}% 22
\BOOKMARK [1][-]{section.3.5}{\376\377\000G\000e\000r\000e\000n\000c\000i\000a\000m\000e\000n\000t\000o\000\040\000T\000\351\000r\000m\000i\000c\000o}{chapter.3}% 23
\BOOKMARK [1][-]{section.3.6}{\376\377\000T\000r\000i\000l\000h\000a\000s\000\040\000d\000e\000\040\000A\000l\000i\000m\000e\000n\000t\000a\000\347\000\343\000o}{chapter.3}% 24
\BOOKMARK [1][-]{section.3.7}{\376\377\000P\000l\000a\000n\000o\000s\000\040\000d\000e\000\040\000T\000e\000r\000r\000a}{chapter.3}% 25
\BOOKMARK [1][-]{section.3.8}{\376\377\000M\000i\000n\000i\000m\000i\000z\000a\000\347\000\343\000o\000\040\000d\000e\000\040\000I\000n\000t\000e\000r\000f\000e\000r\000\352\000n\000c\000i\000a\000s}{chapter.3}% 26
\BOOKMARK [1][-]{section.3.9}{\376\377\000O\000t\000i\000m\000i\000z\000a\000\347\000\343\000o\000\040\000d\000e\000\040\000P\000a\000d\000s\000\040\000e\000\040\000V\000i\000a\000s}{chapter.3}% 27
\BOOKMARK [1][-]{section.3.10}{\376\377\000S\000i\000m\000p\000l\000i\000f\000i\000c\000a\000\347\000\343\000o\000\040\000d\000o\000\040\000L\000a\000y\000o\000u\000t}{chapter.3}% 28
\BOOKMARK [1][-]{section.3.11}{\376\377\000S\000e\000r\000i\000g\000r\000a\000f\000i\000a\000\040\000C\000l\000a\000r\000a\000\040\000e\000\040\000I\000n\000f\000o\000r\000m\000a\000t\000i\000v\000a}{chapter.3}% 29
\BOOKMARK [1][-]{section.3.12}{\376\377\000C\000o\000n\000s\000i\000d\000e\000r\000a\000\347\000\365\000e\000s\000\040\000d\000e\000\040\000F\000a\000b\000r\000i\000c\000a\000\347\000\343\000o}{chapter.3}% 30
\BOOKMARK [1][-]{section.3.13}{\376\377\000T\000e\000s\000t\000a\000b\000i\000l\000i\000d\000a\000d\000e}{chapter.3}% 31
\BOOKMARK [1][-]{section.3.14}{\376\377\000L\000i\000g\000a\000\347\000\343\000o\000\040\000d\000a\000s\000\040\000E\000/\000S\000\040\000d\000o\000\040\000M\000C\000U\000\040\000c\000o\000m\000\040\000o\000s\000\040\000c\000o\000n\000e\000c\000t\000o\000r\000e\000s}{chapter.3}% 32
\BOOKMARK [0][-]{chapter.4}{\376\377\000P\000r\000o\000c\000e\000s\000s\000o\000\040\000b\000\341\000s\000i\000c\000o\000\040\000d\000e\000\040\000f\000a\000b\000r\000i\000c\000a\000\347\000\343\000o\000\040\000d\000e\000\040\000P\000C\000B}{}% 33
\BOOKMARK [1][-]{section.4.1}{\376\377\000E\000t\000a\000p\000a\000\040\000f\000o\000t\000o\000g\000r\000\341\000f\000i\000c\000a\000\040\000p\000a\000r\000a\000\040\000c\000r\000i\000a\000\347\000\343\000o\000\040\000d\000o\000\040\000p\000a\000d\000r\000\343\000o\000\040\000d\000e\000\040\000t\000r\000i\000l\000h\000a\000s}{chapter.4}% 34
\BOOKMARK [1][-]{section.4.2}{\376\377\000U\000t\000i\000l\000i\000z\000a\000\347\000\343\000o\000\040\000d\000e\000\040\000f\000o\000t\000o\000-\000r\000e\000s\000i\000s\000t\000e\000n\000t\000e\000\040\000e\000\040\000m\000\341\000s\000c\000a\000r\000a\000\040\000f\000o\000t\000o\000g\000r\000\341\000f\000i\000c\000a}{chapter.4}% 35
\BOOKMARK [1][-]{section.4.3}{\376\377\000E\000t\000a\000p\000a\000\040\000d\000e\000\040\000c\000o\000r\000r\000o\000s\000\343\000o\000\040\000d\000o\000\040\000c\000o\000b\000r\000e\000\040\000c\000o\000m\000\040\000c\000l\000o\000r\000e\000t\000o\000\040\000f\000\351\000r\000r\000i\000c\000o}{chapter.4}% 36
\BOOKMARK [1][-]{section.4.4}{\376\377\000A\000l\000t\000e\000r\000n\000a\000t\000i\000v\000a\000s\000:\000\040\000F\000r\000e\000s\000a\000g\000e\000m\000\040\000C\000N\000C\000\040\000e\000\040\000s\000e\000r\000i\000g\000r\000a\000f\000i\000a\000\040\000c\000o\000m\000\040\000t\000i\000n\000t\000a\000s\000\040\000r\000e\000s\000i\000s\000t\000e\000n\000t\000e\000s\000\040\000\340\000\040\000c\000o\000r\000r\000o\000s\000\343\000o}{chapter.4}% 37
\BOOKMARK [1][-]{section.4.5}{\376\377\000F\000u\000r\000o\000s\000\040\000e\000\040\000v\000i\000a\000s\000\040\000n\000a\000\040\000P\000C\000B}{chapter.4}% 38
\BOOKMARK [2][-]{subsection.4.5.1}{\376\377\000C\000o\000n\000e\000x\000\343\000o\000\040\000e\000n\000t\000r\000e\000\040\000c\000a\000m\000a\000d\000a\000s\000\040\000e\000\040\000m\000o\000n\000t\000a\000g\000e\000m\000\040\000d\000e\000\040\000c\000o\000m\000p\000o\000n\000e\000n\000t\000e\000s}{section.4.5}% 39
\BOOKMARK [2][-]{subsection.4.5.2}{\376\377\000P\000e\000r\000f\000u\000r\000a\000\347\000\343\000o\000\040\000c\000o\000n\000t\000r\000o\000l\000a\000d\000a\000\040\000n\000u\000m\000e\000r\000i\000c\000a\000m\000e\000n\000t\000e\000\040\000\050\000C\000N\000C\000\051\000\040\000a\000\040\000p\000a\000r\000t\000i\000r\000\040\000d\000e\000\040\000d\000a\000d\000o\000s\000\040\000d\000o\000\040\000s\000o\000f\000t\000w\000a\000r\000e\000\040\000C\000A\000D}{section.4.5}% 40
\BOOKMARK [2][-]{subsection.4.5.3}{\376\377\000V\000i\000a\000s\000\040\000c\000e\000g\000a\000s\000\040\000o\000u\000\040\000m\000i\000c\000r\000o\000v\000i\000a\000s\000:\000\040\000c\000o\000n\000e\000x\000\365\000e\000s\000\040\000i\000n\000t\000e\000r\000n\000a\000s\000\040\000e\000n\000t\000r\000e\000\040\000c\000a\000m\000a\000d\000a\000s}{section.4.5}% 41
\BOOKMARK [2][-]{subsection.4.5.4}{\376\377\000R\000e\000d\000u\000\347\000\343\000o\000\040\000d\000o\000\040\000n\000\372\000m\000e\000r\000o\000\040\000d\000e\000\040\000t\000a\000m\000a\000n\000h\000o\000s\000\040\000d\000e\000\040\000f\000u\000r\000o\000s\000\040\000p\000a\000r\000a\000\040\000d\000i\000m\000i\000n\000u\000i\000r\000\040\000c\000u\000s\000t\000o\000s}{section.4.5}% 42
\BOOKMARK [1][-]{section.4.6}{\376\377\000R\000e\000v\000e\000s\000t\000i\000m\000e\000n\000t\000o\000\040\000d\000e\000\040\000s\000o\000l\000d\000a\000\040\000e\000\040\000r\000e\000s\000i\000s\000t\000\352\000n\000c\000i\000a\000\040\000\340\000\040\000s\000o\000l\000d\000a}{chapter.4}% 43
\BOOKMARK [2][-]{subsection.4.6.1}{\376\377\000P\000r\000o\000t\000e\000\347\000\343\000o\000\040\000d\000e\000\040\000\341\000r\000e\000a\000s\000\040\000n\000\343\000o\000-\000s\000o\000l\000d\000a\000d\000a\000s\000\040\000p\000o\000r\000\040\000m\000e\000i\000o\000\040\000d\000e\000\040\000r\000e\000s\000i\000s\000t\000\352\000n\000c\000i\000a\000\040\000\340\000\040\000s\000o\000l\000d\000a}{section.4.6}% 44
\BOOKMARK [2][-]{subsection.4.6.2}{\376\377\000E\000s\000t\000a\000n\000h\000o\000\040\000o\000u\000\040\000o\000u\000r\000o\000\040\000p\000a\000r\000a\000\040\000f\000a\000c\000i\000l\000i\000t\000a\000r\000\040\000a\000\040\000s\000o\000l\000d\000a\000g\000e\000m\000\040\000d\000e\000\040\000c\000o\000m\000p\000o\000n\000e\000n\000t\000e\000s}{section.4.6}% 45
\BOOKMARK [1][-]{section.4.7}{\376\377\000S\000e\000r\000i\000g\000r\000a\000f\000i\000a\000\040\000n\000a\000\040\000P\000C\000B}{chapter.4}% 46
\BOOKMARK [2][-]{subsection.4.7.1}{\376\377\000I\000m\000p\000r\000e\000s\000s\000\343\000o\000\040\000d\000e\000\040\000t\000e\000x\000t\000o\000s\000\040\000e\000\040\000i\000d\000e\000n\000t\000i\000f\000i\000c\000a\000d\000o\000r\000e\000s\000\040\000n\000a\000\040\000p\000l\000a\000c\000a}{section.4.7}% 47
\BOOKMARK [2][-]{subsection.4.7.2}{\376\377\000A\000u\000x\000\355\000l\000i\000o\000\040\000n\000a\000\040\000i\000d\000e\000n\000t\000i\000f\000i\000c\000a\000\347\000\343\000o\000\040\000e\000\040\000l\000o\000c\000a\000l\000i\000z\000a\000\347\000\343\000o\000\040\000d\000e\000\040\000c\000o\000m\000p\000o\000n\000e\000n\000t\000e\000s}{section.4.7}% 48
\BOOKMARK [2][-]{subsection.4.7.3}{\376\377\000U\000s\000o\000\040\000d\000e\000\040\000t\000e\000l\000a\000\040\000d\000e\000\040\000s\000e\000d\000a\000\040\000g\000e\000r\000a\000d\000a\000\040\000p\000e\000l\000o\000\040\000s\000o\000f\000t\000w\000a\000r\000e\000\040\000d\000e\000\040\000d\000e\000s\000i\000g\000n\000\040\000d\000e\000\040\000P\000C\000B}{section.4.7}% 49
\BOOKMARK [0][-]{chapter.5}{\376\377\000P\000r\000o\000t\000\363\000t\000i\000p\000o\000\040\000d\000e\000\040\000P\000C\000B}{}% 50
\BOOKMARK [1][-]{section.5.1}{\376\377\000I\000m\000p\000o\000r\000t\000\342\000n\000c\000i\000a\000\040\000d\000a\000\040\000c\000r\000i\000a\000\347\000\343\000o\000\040\000d\000e\000\040\000p\000r\000o\000t\000\363\000t\000i\000p\000o\000s\000\040\000a\000n\000t\000e\000s\000\040\000d\000a\000\040\000p\000r\000o\000d\000u\000\347\000\343\000o\000\040\000e\000m\000\040\000m\000a\000s\000s\000a}{chapter.5}% 51
\BOOKMARK [1][-]{section.5.2}{\376\377\000P\000o\000s\000s\000\355\000v\000e\000i\000s\000\040\000d\000i\000f\000e\000r\000e\000n\000\347\000a\000s\000\040\000n\000o\000\040\000p\000r\000o\000c\000e\000s\000s\000o\000\040\000d\000e\000\040\000f\000a\000b\000r\000i\000c\000a\000\347\000\343\000o\000\040\000d\000o\000\040\000p\000r\000o\000t\000\363\000t\000i\000p\000o}{chapter.5}% 52
\BOOKMARK [1][-]{section.5.3}{\376\377\000R\000e\000c\000o\000m\000e\000n\000d\000a\000\347\000\343\000o\000\040\000d\000e\000\040\000m\000a\000n\000t\000e\000r\000\040\000o\000\040\000p\000r\000o\000c\000e\000s\000s\000o\000\040\000d\000o\000\040\000p\000r\000o\000t\000\363\000t\000i\000p\000o\000\040\000p\000r\000\363\000x\000i\000m\000o\000\040\000a\000o\000\040\000p\000r\000o\000c\000e\000s\000s\000o\000\040\000f\000i\000n\000a\000l}{chapter.5}% 53
\BOOKMARK [0][-]{chapter.6}{\376\377\000O\000p\000\347\000\365\000e\000s\000\040\000d\000e\000\040\000`\000`\000E\000D\000A\000'\000'\000\040\000-\000\040\000`\000`\000E\000l\000e\000c\000t\000r\000o\000n\000i\000c\000\040\000D\000e\000s\000i\000g\000n\000\040\000A\000u\000t\000o\000m\000a\000t\000i\000o\000n\000'\000'\000\040\000\050\000A\000u\000t\000o\000m\000a\000\347\000\343\000o\000\040\000d\000e\000\040\000D\000e\000s\000i\000g\000n\000\040\000E\000l\000e\000t\000r\000\364\000n\000i\000c\000o\000\051}{}% 54
\BOOKMARK [0][-]{chapter.7}{\376\377\000K\000i\000C\000a\000d}{}% 55
\BOOKMARK [1][-]{section.7.1}{\376\377\000M\000o\000t\000i\000v\000o\000s\000\040\000p\000a\000r\000a\000\040\000u\000s\000a\000r\000\040\000o\000\040\000K\000i\000c\000a\000d}{chapter.7}% 56
\BOOKMARK [1][-]{section.7.2}{\376\377\000I\000n\000s\000t\000a\000l\000a\000\347\000\343\000o\000\040\000d\000o\000\040\000K\000i\000C\000A\000D}{chapter.7}% 57
\BOOKMARK [1][-]{section.7.3}{\376\377\000U\000s\000a\000n\000d\000o\000\040\000o\000\040\000g\000e\000r\000e\000n\000c\000i\000a\000d\000o\000r\000\040\000d\000e\000\040\000p\000r\000o\000j\000e\000t\000o\000s\000\040\000K\000i\000C\000a\000d}{chapter.7}% 58
\BOOKMARK [1][-]{section.7.4}{\376\377\000A\000r\000q\000u\000i\000v\000o\000s\000\040\000e\000\040\000p\000a\000s\000t\000a\000s\000\040\000K\000i\000C\000a\000d}{chapter.7}% 59
\BOOKMARK [2][-]{subsection.7.4.1}{\376\377\000A\000r\000q\000u\000i\000v\000o\000s\000\040\000d\000e\000\040\000p\000r\000o\000j\000e\000t\000o}{section.7.4}% 60
\BOOKMARK [2][-]{subsection.7.4.2}{\376\377\000A\000r\000m\000a\000z\000e\000n\000a\000n\000d\000o\000\040\000e\000\040\000e\000n\000v\000i\000a\000n\000d\000o\000\040\000a\000r\000q\000u\000i\000v\000o\000s\000\040\000K\000i\000C\000a\000d}{section.7.4}% 61
\BOOKMARK [1][-]{section.7.5}{\376\377\000W\000o\000r\000k\000f\000l\000o\000w\000\040\000d\000o\000\040\000K\000i\000c\000a\000d}{chapter.7}% 62
\BOOKMARK [2][-]{subsection.7.5.1}{\376\377\000E\000s\000q\000u\000e\000m\000\341\000t\000i\000c\000o\000\040\000\050\000S\000c\000h\000e\000m\000a\000t\000i\000c\000\051\000:}{section.7.5}% 63
\BOOKMARK [2][-]{subsection.7.5.2}{\376\377\000A\000s\000s\000o\000c\000i\000a\000\347\000\343\000o\000\040\000d\000e\000\040\000F\000o\000o\000t\000p\000r\000i\000n\000t\000s\000\040\000\050\000A\000s\000s\000i\000g\000n\000i\000n\000g\000\040\000F\000o\000o\000t\000p\000r\000i\000n\000t\000s\000\051\000:}{section.7.5}% 64
\BOOKMARK [2][-]{subsection.7.5.3}{\376\377\000L\000a\000y\000o\000u\000t\000\040\000d\000a\000\040\000P\000C\000B\000\040\000\050\000P\000C\000B\000\040\000L\000a\000y\000o\000u\000t\000\051\000:}{section.7.5}% 65
\BOOKMARK [2][-]{subsection.7.5.4}{\376\377\000V\000i\000s\000u\000a\000l\000i\000z\000a\000\347\000\343\000o\000\040\0003\000D\000\040\000\050\0003\000D\000\040\000V\000i\000s\000u\000a\000l\000i\000z\000a\000t\000i\000o\000n\000\051\000:}{section.7.5}% 66
\BOOKMARK [2][-]{subsection.7.5.5}{\376\377\000V\000e\000r\000i\000f\000i\000c\000a\000\347\000\343\000o\000\040\000d\000o\000\040\000D\000e\000s\000i\000g\000n\000\040\000\050\000D\000e\000s\000i\000g\000n\000\040\000V\000e\000r\000i\000f\000i\000c\000a\000t\000i\000o\000n\000\051\000:}{section.7.5}% 67
\BOOKMARK [2][-]{subsection.7.5.6}{\376\377\000G\000e\000r\000a\000\347\000\343\000o\000\040\000d\000o\000s\000\040\000A\000r\000q\000u\000i\000v\000o\000s\000\040\000d\000e\000\040\000F\000a\000b\000r\000i\000c\000a\000\347\000\343\000o\000\040\000\050\000M\000a\000n\000u\000f\000a\000c\000t\000u\000r\000i\000n\000g\000\040\000F\000i\000l\000e\000s\000\051\000:}{section.7.5}% 68
\BOOKMARK [1][-]{section.7.6}{\376\377\000I\000m\000p\000o\000r\000t\000a\000\347\000\343\000o\000\040\000e\000\040\000u\000t\000i\000l\000i\000z\000a\000\347\000\343\000o\000\040\000d\000e\000\040\000b\000i\000b\000l\000i\000o\000t\000e\000c\000a\000s\000\040\000d\000e\000\040\000c\000o\000m\000p\000o\000n\000e\000n\000t\000e\000s\000\040\000n\000o\000\040\000K\000i\000C\000a\000d}{chapter.7}% 69
\BOOKMARK [2][-]{subsection.7.6.1}{\376\377\000U\000t\000i\000l\000i\000z\000a\000\347\000\343\000o\000\040\000d\000e\000\040\000n\000o\000v\000a\000s\000\040\000b\000i\000b\000l\000i\000o\000t\000e\000c\000a\000s}{section.7.6}% 70
\BOOKMARK [1][-]{section.7.7}{\376\377\000P\000r\000i\000n\000c\000i\000p\000a\000i\000s\000\040\000t\000e\000c\000l\000a\000s\000\040\000d\000e\000\040\000a\000t\000a\000l\000h\000o}{chapter.7}% 71
\BOOKMARK [2][-]{subsection.7.7.1}{\376\377\000E\000d\000i\000t\000o\000r\000\040\000d\000e\000\040\000E\000s\000q\000u\000e\000m\000\341\000t\000i\000c\000o\000s\000\040\000\050\000E\000e\000s\000c\000h\000e\000m\000a\000\051}{section.7.7}% 72
\BOOKMARK [2][-]{subsection.7.7.2}{\376\377\000E\000d\000i\000t\000o\000r\000\040\000d\000e\000\040\000P\000C\000B\000\040\000\050\000P\000c\000b\000n\000e\000w\000\051}{section.7.7}% 73
\BOOKMARK [2][-]{subsection.7.7.3}{\376\377\000T\000e\000c\000l\000a\000s\000\040\000G\000l\000o\000b\000a\000i\000s}{section.7.7}% 74
\BOOKMARK [1][-]{section.7.8}{\376\377\000C\000o\000m\000p\000a\000t\000i\000b\000i\000l\000i\000d\000a\000d\000e\000\040\000d\000o\000\040\000D\000e\000s\000i\000g\000n\000\040\000d\000a\000\040\000P\000C\000B\000\040\000p\000a\000r\000a\000\040\000f\000a\000b\000r\000i\000c\000a\000\347\000\343\000o}{chapter.7}% 75
\BOOKMARK [0][-]{chapter.8}{\376\377\000D\000i\000v\000e\000r\000s\000o\000s\000\040\000p\000r\000o\000j\000e\000t\000o\000s\000\040\000f\000e\000i\000t\000o\000s\000\040\000c\000o\000m\000\040\000K\000i\000C\000A\000D}{}% 76
\BOOKMARK [0][-]{chapter.9}{\376\377\000C\000o\000n\000t\000r\000o\000l\000e\000\040\000d\000e\000\040\000i\000m\000p\000e\000d\000\342\000n\000c\000i\000a\000\040\000e\000m\000\040\000c\000i\000r\000c\000u\000i\000t\000o\000s\000\040\000d\000e\000\040\000a\000l\000t\000a\000\040\000f\000r\000e\000q\000u\000\352\000n\000c\000i\000a}{}% 77
\BOOKMARK [1][-]{section.9.1}{\376\377\000I\000m\000p\000o\000r\000t\000\342\000n\000c\000i\000a\000\040\000d\000o\000\040\000c\000o\000n\000t\000r\000o\000l\000e\000\040\000d\000e\000\040\000i\000m\000p\000e\000d\000\342\000n\000c\000i\000a}{chapter.9}% 78
\BOOKMARK [1][-]{section.9.2}{\376\377\000E\000x\000e\000m\000p\000l\000o\000s\000\040\000d\000e\000\040\000c\000a\000s\000o\000s\000\040\000o\000n\000d\000e\000\040\000\351\000\040\000n\000e\000c\000e\000s\000s\000\341\000r\000i\000o\000\040\000o\000\040\000c\000o\000n\000t\000r\000o\000l\000e\000\040\000d\000e\000\040\000i\000m\000p\000e\000d\000\342\000n\000c\000i\000a}{chapter.9}% 79
\BOOKMARK [1][-]{section.9.3}{\376\377\000C\000o\000n\000s\000e\000q\000u\000\352\000n\000c\000i\000a\000s\000\040\000d\000a\000\040\000F\000a\000l\000t\000a\000\040\000d\000e\000\040\000C\000o\000n\000t\000r\000o\000l\000e\000\040\000d\000e\000\040\000I\000m\000p\000e\000d\000\342\000n\000c\000i\000a}{chapter.9}% 80
\BOOKMARK [1][-]{section.9.4}{\376\377\000C\000o\000n\000t\000r\000o\000l\000e\000\040\000d\000e\000\040\000i\000m\000p\000e\000d\000\342\000n\000c\000i\000a\000\040\000c\000o\000m\000\040\000K\000i\000c\000a\000d}{chapter.9}% 81
\BOOKMARK [0][-]{chapter.10}{\376\377\000C\000i\000r\000c\000u\000i\000t\000o\000s\000\040\000p\000a\000r\000a\000\040\000i\000n\000t\000e\000r\000f\000a\000c\000e\000a\000m\000e\000n\000t\000o\000\040\000d\000e\000\040\000e\000n\000t\000r\000a\000d\000a\000\040\000e\000\040\000s\000a\000\355\000d\000a\000\040\000d\000i\000g\000i\000t\000a\000l\000\040\000c\000o\000m\000\040\000m\000i\000c\000r\000o\000c\000o\000n\000t\000r\000o\000l\000a\000d\000o\000r}{}% 82
\BOOKMARK [1][-]{section.10.1}{\376\377\000E\000n\000t\000r\000a\000d\000a\000s\000\040\000d\000i\000g\000i\000t\000a\000i\000s\000\040\000e\000m\000\040\000C\000.\000C\000.}{chapter.10}% 83
\BOOKMARK [1][-]{section.10.2}{\376\377\000E\000n\000t\000r\000a\000d\000a\000s\000\040\000d\000i\000g\000i\000t\000a\000i\000s\000\040\000e\000m\000\040\000C\000.\000A\000.}{chapter.10}% 84
\BOOKMARK [1][-]{section.10.3}{\376\377\000S\000a\000\355\000d\000a\000\040\000d\000i\000g\000i\000t\000a\000i\000s\000\040\000e\000m\000\040\000C\000.\000C\000.}{chapter.10}% 85
\BOOKMARK [1][-]{section.10.4}{\376\377\000S\000a\000\355\000d\000a\000\040\000d\000i\000g\000i\000t\000a\000i\000s\000\040\000e\000m\000\040\000C\000.\000A\000.\000\040\000c\000o\000m\000\040\000T\000R\000I\000A\000C}{chapter.10}% 86
\BOOKMARK [1][-]{section.10.5}{\376\377\000S\000a\000\355\000d\000a\000\040\000d\000i\000g\000i\000t\000a\000i\000s\000\040\000a\000\040\000R\000e\000l\000e}{chapter.10}% 87
\BOOKMARK [0][-]{chapter*.84}{\376\377\000R\000e\000f\000e\000r\000\352\000n\000c\000i\000a\000s\000\040\000W\000E\000B}{}% 88
